// Jest Snapshot v1, https://goo.gl/fbAQLP

exports[`Provider and App renders <Provider/> correctly 1`] = `<App />`;

exports[`Provider and App renders <Provider/> correctly 2`] = `
<BrowserRouter>
  <Header />
</BrowserRouter>
`;
